[0;92mWails CLI[0m [0;31mv2.11.0[0m


# [1;33m[1;33mBuild Options[0m
[1;33m[0m[0m
Platform(s)       [90m[90m | [0m[0mdarwin/arm64                                                         
Compiler          [90m[90m | [0m[0m/Users/runner/hostedtoolcache/go/1.24.13/arm64/bin/go                
Skip Bindings     [90m[90m | [0m[0mfalse                                                                
Build Mode        [90m[90m | [0m[0mproduction                                                           
Devtools          [90m[90m | [0m[0mfalse                                                                
Frontend Directory[90m[90m | [0m[0m/Users/runner/work/token-monitor-client/token-monitor-client/frontend
Obfuscated        [90m[90m | [0m[0mfalse                                                                
Skip Frontend     [90m[90m | [0m[0mfalse                                                                
Compress          [90m[90m | [0m[0mfalse                                                                
Package           [90m[90m | [0m[0mtrue                                                                 
Clean Bin Dir     [90m[90m | [0m[0mfalse                                                                
LDFlags           [90m[90m | [0m[0m-s -w                                                                
Tags              [90m[90m | [0m[0m[]                                                                   
Race Detector     [90m[90m | [0m[0mfalse                                                                


# [1;33m[1;33mBuilding target: darwin/arm64[0m
[1;33m[0m[0m
  [90m[90m•[0m[0m [39m[39mGenerating bindings: [0m[0mDone.
  [90m[90m•[0m[0m [39m[39mNo Install command. Skipping.[0m[0m
  [90m[90m•[0m[0m [39m[39mNo Build command. Skipping.[0m[0m
  [90m[90m•[0m[0m [39m[39mCompiling application: [0m[0m# token-monitor-client
/Users/runner/hostedtoolcache/go/1.24.13/arm64/pkg/tool/darwin_arm64/link: running clang failed: exit status 1
/usr/bin/clang -arch arm64 -Wl,-S -Wl,-x -o $WORK/b001/exe/a.out -Qunused-arguments /var/folders/36/tjdph2t965j8snz9_vkdnw0r0000gn/T/go-link-3798871948/go.o /var/folders/36/tjdph2t965j8snz9_vkdnw0r0000gn/T/go-link-3798871948/000000.o /var/folders/36/tjdph2t965j8snz9_vkdnw0r0000gn/T/go-link-3798871948/000001.o /var/folders/36/tjdph2t965j8snz9_vkdnw0r0000gn/T/go-link-3798871948/000002.o /var/folders/36/tjdph2t965j8snz9_vkdnw0r0000gn/T/go-link-3798871948/000003.o /var/folders/36/tjdph2t965j8snz9_vkdnw0r0000gn/T/go-link-3798871948/000004.o /var/folders/36/tjdph2t965j8snz9_vkdnw0r0000gn/T/go-link-3798871948/000005.o /var/folders/36/tjdph2t965j8snz9_vkdnw0r0000gn/T/go-link-3798871948/000006.o /var/folders/36/tjdph2t965j8snz9_vkdnw0r0000gn/T/go-link-3798871948/000007.o /var/folders/36/tjdph2t965j8snz9_vkdnw0r0000gn/T/go-link-3798871948/000008.o /var/folders/36/tjdph2t965j8snz9_vkdnw0r0000gn/T/go-link-3798871948/000009.o /var/folders/36/tjdph2t965j8snz9_vkdnw0r0000gn/T/go-link-3798871948/000010.o /var/folders/36/tjdph2t965j8snz9_vkdnw0r0000gn/T/go-link-3798871948/000011.o /var/folders/36/tjdph2t965j8snz9_vkdnw0r0000gn/T/go-link-3798871948/000012.o /var/folders/36/tjdph2t965j8snz9_vkdnw0r0000gn/T/go-link-3798871948/000013.o /var/folders/36/tjdph2t965j8snz9_vkdnw0r0000gn/T/go-link-3798871948/000014.o /var/folders/36/tjdph2t965j8snz9_vkdnw0r0000gn/T/go-link-3798871948/000015.o /var/folders/36/tjdph2t965j8snz9_vkdnw0r0000gn/T/go-link-3798871948/000016.o /var/folders/36/tjdph2t965j8snz9_vkdnw0r0000gn/T/go-link-3798871948/000017.o /var/folders/36/tjdph2t965j8snz9_vkdnw0r0000gn/T/go-link-3798871948/000018.o /var/folders/36/tjdph2t965j8snz9_vkdnw0r0000gn/T/go-link-3798871948/000019.o /var/folders/36/tjdph2t965j8snz9_vkdnw0r0000gn/T/go-link-3798871948/000020.o /var/folders/36/tjdph2t965j8snz9_vkdnw0r0000gn/T/go-link-3798871948/000021.o /var/folders/36/tjdph2t965j8snz9_vkdnw0r0000gn/T/go-link-3798871948/000022.o /var/folders/36/tjdph2t965j8snz9_vkdnw0r0000gn/T/go-link-3798871948/000023.o /var/folders/36/tjdph2t965j8snz9_vkdnw0r0000gn/T/go-link-3798871948/000024.o /var/folders/36/tjdph2t965j8snz9_vkdnw0r0000gn/T/go-link-3798871948/000025.o /var/folders/36/tjdph2t965j8snz9_vkdnw0r0000gn/T/go-link-3798871948/000026.o /var/folders/36/tjdph2t965j8snz9_vkdnw0r0000gn/T/go-link-3798871948/000027.o /var/folders/36/tjdph2t965j8snz9_vkdnw0r0000gn/T/go-link-3798871948/000028.o /var/folders/36/tjdph2t965j8snz9_vkdnw0r0000gn/T/go-link-3798871948/000029.o /var/folders/36/tjdph2t965j8snz9_vkdnw0r0000gn/T/go-link-3798871948/000030.o /var/folders/36/tjdph2t965j8snz9_vkdnw0r0000gn/T/go-link-3798871948/000031.o /var/folders/36/tjdph2t965j8snz9_vkdnw0r0000gn/T/go-link-3798871948/000032.o /var/folders/36/tjdph2t965j8snz9_vkdnw0r0000gn/T/go-link-3798871948/000033.o /var/folders/36/tjdph2t965j8snz9_vkdnw0r0000gn/T/go-link-3798871948/000034.o -lresolv -framework UniformTypeIdentifiers -mmacosx-version-min=10.13 -framework Cocoa -lobjc -framework UniformTypeIdentifiers -mmacosx-version-min=10.13 -framework CoreFoundation -framework CoreFoundation -framework Security -framework UniformTypeIdentifiers -mmacosx-version-min=10.13 -framework Foundation -framework Cocoa -framework WebKit -framework Foundation -framework Cocoa -framework WebKit -framework Foundation -framework Cocoa -framework WebKit -framework Foundation -framework Cocoa -framework WebKit -framework Foundation -framework Cocoa -framework WebKit -framework Foundation -framework Cocoa -framework WebKit -framework AppKit -framework Foundation -framework Cocoa -framework Foundation -framework Cocoa -framework WebKit -lobjc -framework UniformTypeIdentifiers -mmacosx-version-min=10.13 -framework Foundation -framework WebKit -framework Foundation -framework WebKit
ld: warning: ignoring duplicate libraries: '-lobjc'
duplicate symbol '_OBJC_METACLASS_$_AppDelegate' in:
    /private/var/folders/36/tjdph2t965j8snz9_vkdnw0r0000gn/T/go-link-3798871948/000002.o
    /private/var/folders/36/tjdph2t965j8snz9_vkdnw0r0000gn/T/go-link-3798871948/000023.o
duplicate symbol '_OBJC_CLASS_$_AppDelegate' in:
    /private/var/folders/36/tjdph2t965j8snz9_vkdnw0r0000gn/T/go-link-3798871948/000002.o
    /private/var/folders/36/tjdph2t965j8snz9_vkdnw0r0000gn/T/go-link-3798871948/000023.o
ld: 2 duplicate symbols
clang: error: linker command failed with exit code 1 (use -v to see invocation)

[30;101m[30;101m  ERROR  [0m[0m [91m[91mexit status 1[0m[0m

[30;101m[30;101m  ERROR  [0m[0m [91m[91mexit status 1[0m[0m
[31;107m[31;107m ♥  [0m[0m [92m[92mIf Wails is useful to you or your company, please consider sponsoring the project:[0m[0m
https://github.com/sponsors/leaanthony
